// Vitest Snapshot v1, https://vitest.dev/guide/snapshot.html

exports[`Bookmarked Page > renders Bookmarked Page should match the screenshot 1`] = `
{
  "asFragment": [Function],
  "baseElement": <body>
    <div>
      <main
        class="w-full min-h-screen py-4 md:py-6 px-4 md:px-16"
      >
        <section>
          <div
            class="relative overflow-hidden bg-secondary-dark h-8 w-56 rounded mt-6"
            data-testid="skeleton"
          >
            <div
              class="absolute inset-0 -translate-x-full bg-gradient-to-r from-transparent via-white/10 to-transparent animate-shimmer motion-reduce:animate-none motion-reduce:translate-x-0"
            />
          </div>
          <ul
            class="w-full grid grid-cols-2 sm:grid-cols-3 md:grid-cols-4 lg:grid-cols-5 xl:grid-cols-6 2xl:grid-cols-7 gap-4 mt-6"
          >
            <li
              data-testid="skeleton-card"
            >
              <div
                class="relative overflow-hidden bg-secondary-dark w-full rounded-lg aspect-[2/3]"
                data-testid="skeleton"
              >
                <div
                  class="absolute inset-0 -translate-x-full bg-gradient-to-r from-transparent via-white/10 to-transparent animate-shimmer motion-reduce:animate-none motion-reduce:translate-x-0"
                />
              </div>
              <div
                class="mt-2"
              >
                <div
                  class="relative overflow-hidden bg-secondary-dark h-3 w-2/3 rounded"
                  data-testid="skeleton"
                >
                  <div
                    class="absolute inset-0 -translate-x-full bg-gradient-to-r from-transparent via-white/10 to-transparent animate-shimmer motion-reduce:animate-none motion-reduce:translate-x-0"
                  />
                </div>
                <div
                  class="relative overflow-hidden bg-secondary-dark h-4 w-5/6 rounded mt-2"
                  data-testid="skeleton"
                >
                  <div
                    class="absolute inset-0 -translate-x-full bg-gradient-to-r from-transparent via-white/10 to-transparent animate-shimmer motion-reduce:animate-none motion-reduce:translate-x-0"
                  />
                </div>
              </div>
            </li>
            <li
              data-testid="skeleton-card"
            >
              <div
                class="relative overflow-hidden bg-secondary-dark w-full rounded-lg aspect-[2/3]"
                data-testid="skeleton"
              >
                <div
                  class="absolute inset-0 -translate-x-full bg-gradient-to-r from-transparent via-white/10 to-transparent animate-shimmer motion-reduce:animate-none motion-reduce:translate-x-0"
                />
              </div>
              <div
                class="mt-2"
              >
                <div
                  class="relative overflow-hidden bg-secondary-dark h-3 w-2/3 rounded"
                  data-testid="skeleton"
                >
                  <div
                    class="absolute inset-0 -translate-x-full bg-gradient-to-r from-transparent via-white/10 to-transparent animate-shimmer motion-reduce:animate-none motion-reduce:translate-x-0"
                  />
                </div>
                <div
                  class="relative overflow-hidden bg-secondary-dark h-4 w-5/6 rounded mt-2"
                  data-testid="skeleton"
                >
                  <div
                    class="absolute inset-0 -translate-x-full bg-gradient-to-r from-transparent via-white/10 to-transparent animate-shimmer motion-reduce:animate-none motion-reduce:translate-x-0"
                  />
                </div>
              </div>
            </li>
            <li
              data-testid="skeleton-card"
            >
              <div
                class="relative overflow-hidden bg-secondary-dark w-full rounded-lg aspect-[2/3]"
                data-testid="skeleton"
              >
                <div
                  class="absolute inset-0 -translate-x-full bg-gradient-to-r from-transparent via-white/10 to-transparent animate-shimmer motion-reduce:animate-none motion-reduce:translate-x-0"
                />
              </div>
              <div
                class="mt-2"
              >
                <div
                  class="relative overflow-hidden bg-secondary-dark h-3 w-2/3 rounded"
                  data-testid="skeleton"
                >
                  <div
                    class="absolute inset-0 -translate-x-full bg-gradient-to-r from-transparent via-white/10 to-transparent animate-shimmer motion-reduce:animate-none motion-reduce:translate-x-0"
                  />
                </div>
                <div
                  class="relative overflow-hidden bg-secondary-dark h-4 w-5/6 rounded mt-2"
                  data-testid="skeleton"
                >
                  <div
                    class="absolute inset-0 -translate-x-full bg-gradient-to-r from-transparent via-white/10 to-transparent animate-shimmer motion-reduce:animate-none motion-reduce:translate-x-0"
                  />
                </div>
              </div>
            </li>
            <li
              data-testid="skeleton-card"
            >
              <div
                class="relative overflow-hidden bg-secondary-dark w-full rounded-lg aspect-[2/3]"
                data-testid="skeleton"
              >
                <div
                  class="absolute inset-0 -translate-x-full bg-gradient-to-r from-transparent via-white/10 to-transparent animate-shimmer motion-reduce:animate-none motion-reduce:translate-x-0"
                />
              </div>
              <div
                class="mt-2"
              >
                <div
                  class="relative overflow-hidden bg-secondary-dark h-3 w-2/3 rounded"
                  data-testid="skeleton"
                >
                  <div
                    class="absolute inset-0 -translate-x-full bg-gradient-to-r from-transparent via-white/10 to-transparent animate-shimmer motion-reduce:animate-none motion-reduce:translate-x-0"
                  />
                </div>
                <div
                  class="relative overflow-hidden bg-secondary-dark h-4 w-5/6 rounded mt-2"
                  data-testid="skeleton"
                >
                  <div
                    class="absolute inset-0 -translate-x-full bg-gradient-to-r from-transparent via-white/10 to-transparent animate-shimmer motion-reduce:animate-none motion-reduce:translate-x-0"
                  />
                </div>
              </div>
            </li>
            <li
              data-testid="skeleton-card"
            >
              <div
                class="relative overflow-hidden bg-secondary-dark w-full rounded-lg aspect-[2/3]"
                data-testid="skeleton"
              >
                <div
                  class="absolute inset-0 -translate-x-full bg-gradient-to-r from-transparent via-white/10 to-transparent animate-shimmer motion-reduce:animate-none motion-reduce:translate-x-0"
                />
              </div>
              <div
                class="mt-2"
              >
                <div
                  class="relative overflow-hidden bg-secondary-dark h-3 w-2/3 rounded"
                  data-testid="skeleton"
                >
                  <div
                    class="absolute inset-0 -translate-x-full bg-gradient-to-r from-transparent via-white/10 to-transparent animate-shimmer motion-reduce:animate-none motion-reduce:translate-x-0"
                  />
                </div>
                <div
                  class="relative overflow-hidden bg-secondary-dark h-4 w-5/6 rounded mt-2"
                  data-testid="skeleton"
                >
                  <div
                    class="absolute inset-0 -translate-x-full bg-gradient-to-r from-transparent via-white/10 to-transparent animate-shimmer motion-reduce:animate-none motion-reduce:translate-x-0"
                  />
                </div>
              </div>
            </li>
            <li
              data-testid="skeleton-card"
            >
              <div
                class="relative overflow-hidden bg-secondary-dark w-full rounded-lg aspect-[2/3]"
                data-testid="skeleton"
              >
                <div
                  class="absolute inset-0 -translate-x-full bg-gradient-to-r from-transparent via-white/10 to-transparent animate-shimmer motion-reduce:animate-none motion-reduce:translate-x-0"
                />
              </div>
              <div
                class="mt-2"
              >
                <div
                  class="relative overflow-hidden bg-secondary-dark h-3 w-2/3 rounded"
                  data-testid="skeleton"
                >
                  <div
                    class="absolute inset-0 -translate-x-full bg-gradient-to-r from-transparent via-white/10 to-transparent animate-shimmer motion-reduce:animate-none motion-reduce:translate-x-0"
                  />
                </div>
                <div
                  class="relative overflow-hidden bg-secondary-dark h-4 w-5/6 rounded mt-2"
                  data-testid="skeleton"
                >
                  <div
                    class="absolute inset-0 -translate-x-full bg-gradient-to-r from-transparent via-white/10 to-transparent animate-shimmer motion-reduce:animate-none motion-reduce:translate-x-0"
                  />
                </div>
              </div>
            </li>
            <li
              data-testid="skeleton-card"
            >
              <div
                class="relative overflow-hidden bg-secondary-dark w-full rounded-lg aspect-[2/3]"
                data-testid="skeleton"
              >
                <div
                  class="absolute inset-0 -translate-x-full bg-gradient-to-r from-transparent via-white/10 to-transparent animate-shimmer motion-reduce:animate-none motion-reduce:translate-x-0"
                />
              </div>
              <div
                class="mt-2"
              >
                <div
                  class="relative overflow-hidden bg-secondary-dark h-3 w-2/3 rounded"
                  data-testid="skeleton"
                >
                  <div
                    class="absolute inset-0 -translate-x-full bg-gradient-to-r from-transparent via-white/10 to-transparent animate-shimmer motion-reduce:animate-none motion-reduce:translate-x-0"
                  />
                </div>
                <div
                  class="relative overflow-hidden bg-secondary-dark h-4 w-5/6 rounded mt-2"
                  data-testid="skeleton"
                >
                  <div
                    class="absolute inset-0 -translate-x-full bg-gradient-to-r from-transparent via-white/10 to-transparent animate-shimmer motion-reduce:animate-none motion-reduce:translate-x-0"
                  />
                </div>
              </div>
            </li>
          </ul>
        </section>
        <section>
          <div
            class="relative overflow-hidden bg-secondary-dark h-8 w-56 rounded mt-6"
            data-testid="skeleton"
          >
            <div
              class="absolute inset-0 -translate-x-full bg-gradient-to-r from-transparent via-white/10 to-transparent animate-shimmer motion-reduce:animate-none motion-reduce:translate-x-0"
            />
          </div>
          <ul
            class="w-full grid grid-cols-2 sm:grid-cols-3 md:grid-cols-4 lg:grid-cols-5 xl:grid-cols-6 2xl:grid-cols-7 gap-4 mt-6"
          >
            <li
              data-testid="skeleton-card"
            >
              <div
                class="relative overflow-hidden bg-secondary-dark w-full rounded-lg aspect-[2/3]"
                data-testid="skeleton"
              >
                <div
                  class="absolute inset-0 -translate-x-full bg-gradient-to-r from-transparent via-white/10 to-transparent animate-shimmer motion-reduce:animate-none motion-reduce:translate-x-0"
                />
              </div>
              <div
                class="mt-2"
              >
                <div
                  class="relative overflow-hidden bg-secondary-dark h-3 w-2/3 rounded"
                  data-testid="skeleton"
                >
                  <div
                    class="absolute inset-0 -translate-x-full bg-gradient-to-r from-transparent via-white/10 to-transparent animate-shimmer motion-reduce:animate-none motion-reduce:translate-x-0"
                  />
                </div>
                <div
                  class="relative overflow-hidden bg-secondary-dark h-4 w-5/6 rounded mt-2"
                  data-testid="skeleton"
                >
                  <div
                    class="absolute inset-0 -translate-x-full bg-gradient-to-r from-transparent via-white/10 to-transparent animate-shimmer motion-reduce:animate-none motion-reduce:translate-x-0"
                  />
                </div>
              </div>
            </li>
            <li
              data-testid="skeleton-card"
            >
              <div
                class="relative overflow-hidden bg-secondary-dark w-full rounded-lg aspect-[2/3]"
                data-testid="skeleton"
              >
                <div
                  class="absolute inset-0 -translate-x-full bg-gradient-to-r from-transparent via-white/10 to-transparent animate-shimmer motion-reduce:animate-none motion-reduce:translate-x-0"
                />
              </div>
              <div
                class="mt-2"
              >
                <div
                  class="relative overflow-hidden bg-secondary-dark h-3 w-2/3 rounded"
                  data-testid="skeleton"
                >
                  <div
                    class="absolute inset-0 -translate-x-full bg-gradient-to-r from-transparent via-white/10 to-transparent animate-shimmer motion-reduce:animate-none motion-reduce:translate-x-0"
                  />
                </div>
                <div
                  class="relative overflow-hidden bg-secondary-dark h-4 w-5/6 rounded mt-2"
                  data-testid="skeleton"
                >
                  <div
                    class="absolute inset-0 -translate-x-full bg-gradient-to-r from-transparent via-white/10 to-transparent animate-shimmer motion-reduce:animate-none motion-reduce:translate-x-0"
                  />
                </div>
              </div>
            </li>
            <li
              data-testid="skeleton-card"
            >
              <div
                class="relative overflow-hidden bg-secondary-dark w-full rounded-lg aspect-[2/3]"
                data-testid="skeleton"
              >
                <div
                  class="absolute inset-0 -translate-x-full bg-gradient-to-r from-transparent via-white/10 to-transparent animate-shimmer motion-reduce:animate-none motion-reduce:translate-x-0"
                />
              </div>
              <div
                class="mt-2"
              >
                <div
                  class="relative overflow-hidden bg-secondary-dark h-3 w-2/3 rounded"
                  data-testid="skeleton"
                >
                  <div
                    class="absolute inset-0 -translate-x-full bg-gradient-to-r from-transparent via-white/10 to-transparent animate-shimmer motion-reduce:animate-none motion-reduce:translate-x-0"
                  />
                </div>
                <div
                  class="relative overflow-hidden bg-secondary-dark h-4 w-5/6 rounded mt-2"
                  data-testid="skeleton"
                >
                  <div
                    class="absolute inset-0 -translate-x-full bg-gradient-to-r from-transparent via-white/10 to-transparent animate-shimmer motion-reduce:animate-none motion-reduce:translate-x-0"
                  />
                </div>
              </div>
            </li>
            <li
              data-testid="skeleton-card"
            >
              <div
                class="relative overflow-hidden bg-secondary-dark w-full rounded-lg aspect-[2/3]"
                data-testid="skeleton"
              >
                <div
                  class="absolute inset-0 -translate-x-full bg-gradient-to-r from-transparent via-white/10 to-transparent animate-shimmer motion-reduce:animate-none motion-reduce:translate-x-0"
                />
              </div>
              <div
                class="mt-2"
              >
                <div
                  class="relative overflow-hidden bg-secondary-dark h-3 w-2/3 rounded"
                  data-testid="skeleton"
                >
                  <div
                    class="absolute inset-0 -translate-x-full bg-gradient-to-r from-transparent via-white/10 to-transparent animate-shimmer motion-reduce:animate-none motion-reduce:translate-x-0"
                  />
                </div>
                <div
                  class="relative overflow-hidden bg-secondary-dark h-4 w-5/6 rounded mt-2"
                  data-testid="skeleton"
                >
                  <div
                    class="absolute inset-0 -translate-x-full bg-gradient-to-r from-transparent via-white/10 to-transparent animate-shimmer motion-reduce:animate-none motion-reduce:translate-x-0"
                  />
                </div>
              </div>
            </li>
            <li
              data-testid="skeleton-card"
            >
              <div
                class="relative overflow-hidden bg-secondary-dark w-full rounded-lg aspect-[2/3]"
                data-testid="skeleton"
              >
                <div
                  class="absolute inset-0 -translate-x-full bg-gradient-to-r from-transparent via-white/10 to-transparent animate-shimmer motion-reduce:animate-none motion-reduce:translate-x-0"
                />
              </div>
              <div
                class="mt-2"
              >
                <div
                  class="relative overflow-hidden bg-secondary-dark h-3 w-2/3 rounded"
                  data-testid="skeleton"
                >
                  <div
                    class="absolute inset-0 -translate-x-full bg-gradient-to-r from-transparent via-white/10 to-transparent animate-shimmer motion-reduce:animate-none motion-reduce:translate-x-0"
                  />
                </div>
                <div
                  class="relative overflow-hidden bg-secondary-dark h-4 w-5/6 rounded mt-2"
                  data-testid="skeleton"
                >
                  <div
                    class="absolute inset-0 -translate-x-full bg-gradient-to-r from-transparent via-white/10 to-transparent animate-shimmer motion-reduce:animate-none motion-reduce:translate-x-0"
                  />
                </div>
              </div>
            </li>
            <li
              data-testid="skeleton-card"
            >
              <div
                class="relative overflow-hidden bg-secondary-dark w-full rounded-lg aspect-[2/3]"
                data-testid="skeleton"
              >
                <div
                  class="absolute inset-0 -translate-x-full bg-gradient-to-r from-transparent via-white/10 to-transparent animate-shimmer motion-reduce:animate-none motion-reduce:translate-x-0"
                />
              </div>
              <div
                class="mt-2"
              >
                <div
                  class="relative overflow-hidden bg-secondary-dark h-3 w-2/3 rounded"
                  data-testid="skeleton"
                >
                  <div
                    class="absolute inset-0 -translate-x-full bg-gradient-to-r from-transparent via-white/10 to-transparent animate-shimmer motion-reduce:animate-none motion-reduce:translate-x-0"
                  />
                </div>
                <div
                  class="relative overflow-hidden bg-secondary-dark h-4 w-5/6 rounded mt-2"
                  data-testid="skeleton"
                >
                  <div
                    class="absolute inset-0 -translate-x-full bg-gradient-to-r from-transparent via-white/10 to-transparent animate-shimmer motion-reduce:animate-none motion-reduce:translate-x-0"
                  />
                </div>
              </div>
            </li>
            <li
              data-testid="skeleton-card"
            >
              <div
                class="relative overflow-hidden bg-secondary-dark w-full rounded-lg aspect-[2/3]"
                data-testid="skeleton"
              >
                <div
                  class="absolute inset-0 -translate-x-full bg-gradient-to-r from-transparent via-white/10 to-transparent animate-shimmer motion-reduce:animate-none motion-reduce:translate-x-0"
                />
              </div>
              <div
                class="mt-2"
              >
                <div
                  class="relative overflow-hidden bg-secondary-dark h-3 w-2/3 rounded"
                  data-testid="skeleton"
                >
                  <div
                    class="absolute inset-0 -translate-x-full bg-gradient-to-r from-transparent via-white/10 to-transparent animate-shimmer motion-reduce:animate-none motion-reduce:translate-x-0"
                  />
                </div>
                <div
                  class="relative overflow-hidden bg-secondary-dark h-4 w-5/6 rounded mt-2"
                  data-testid="skeleton"
                >
                  <div
                    class="absolute inset-0 -translate-x-full bg-gradient-to-r from-transparent via-white/10 to-transparent animate-shimmer motion-reduce:animate-none motion-reduce:translate-x-0"
                  />
                </div>
              </div>
            </li>
          </ul>
        </section>
      </main>
    </div>
  </body>,
  "container": <div>
    <main
      class="w-full min-h-screen py-4 md:py-6 px-4 md:px-16"
    >
      <section>
        <div
          class="relative overflow-hidden bg-secondary-dark h-8 w-56 rounded mt-6"
          data-testid="skeleton"
        >
          <div
            class="absolute inset-0 -translate-x-full bg-gradient-to-r from-transparent via-white/10 to-transparent animate-shimmer motion-reduce:animate-none motion-reduce:translate-x-0"
          />
        </div>
        <ul
          class="w-full grid grid-cols-2 sm:grid-cols-3 md:grid-cols-4 lg:grid-cols-5 xl:grid-cols-6 2xl:grid-cols-7 gap-4 mt-6"
        >
          <li
            data-testid="skeleton-card"
          >
            <div
              class="relative overflow-hidden bg-secondary-dark w-full rounded-lg aspect-[2/3]"
              data-testid="skeleton"
            >
              <div
                class="absolute inset-0 -translate-x-full bg-gradient-to-r from-transparent via-white/10 to-transparent animate-shimmer motion-reduce:animate-none motion-reduce:translate-x-0"
              />
            </div>
            <div
              class="mt-2"
            >
              <div
                class="relative overflow-hidden bg-secondary-dark h-3 w-2/3 rounded"
                data-testid="skeleton"
              >
                <div
                  class="absolute inset-0 -translate-x-full bg-gradient-to-r from-transparent via-white/10 to-transparent animate-shimmer motion-reduce:animate-none motion-reduce:translate-x-0"
                />
              </div>
              <div
                class="relative overflow-hidden bg-secondary-dark h-4 w-5/6 rounded mt-2"
                data-testid="skeleton"
              >
                <div
                  class="absolute inset-0 -translate-x-full bg-gradient-to-r from-transparent via-white/10 to-transparent animate-shimmer motion-reduce:animate-none motion-reduce:translate-x-0"
                />
              </div>
            </div>
          </li>
          <li
            data-testid="skeleton-card"
          >
            <div
              class="relative overflow-hidden bg-secondary-dark w-full rounded-lg aspect-[2/3]"
              data-testid="skeleton"
            >
              <div
                class="absolute inset-0 -translate-x-full bg-gradient-to-r from-transparent via-white/10 to-transparent animate-shimmer motion-reduce:animate-none motion-reduce:translate-x-0"
              />
            </div>
            <div
              class="mt-2"
            >
              <div
                class="relative overflow-hidden bg-secondary-dark h-3 w-2/3 rounded"
                data-testid="skeleton"
              >
                <div
                  class="absolute inset-0 -translate-x-full bg-gradient-to-r from-transparent via-white/10 to-transparent animate-shimmer motion-reduce:animate-none motion-reduce:translate-x-0"
                />
              </div>
              <div
                class="relative overflow-hidden bg-secondary-dark h-4 w-5/6 rounded mt-2"
                data-testid="skeleton"
              >
                <div
                  class="absolute inset-0 -translate-x-full bg-gradient-to-r from-transparent via-white/10 to-transparent animate-shimmer motion-reduce:animate-none motion-reduce:translate-x-0"
                />
              </div>
            </div>
          </li>
          <li
            data-testid="skeleton-card"
          >
            <div
              class="relative overflow-hidden bg-secondary-dark w-full rounded-lg aspect-[2/3]"
              data-testid="skeleton"
            >
              <div
                class="absolute inset-0 -translate-x-full bg-gradient-to-r from-transparent via-white/10 to-transparent animate-shimmer motion-reduce:animate-none motion-reduce:translate-x-0"
              />
            </div>
            <div
              class="mt-2"
            >
              <div
                class="relative overflow-hidden bg-secondary-dark h-3 w-2/3 rounded"
                data-testid="skeleton"
              >
                <div
                  class="absolute inset-0 -translate-x-full bg-gradient-to-r from-transparent via-white/10 to-transparent animate-shimmer motion-reduce:animate-none motion-reduce:translate-x-0"
                />
              </div>
              <div
                class="relative overflow-hidden bg-secondary-dark h-4 w-5/6 rounded mt-2"
                data-testid="skeleton"
              >
                <div
                  class="absolute inset-0 -translate-x-full bg-gradient-to-r from-transparent via-white/10 to-transparent animate-shimmer motion-reduce:animate-none motion-reduce:translate-x-0"
                />
              </div>
            </div>
          </li>
          <li
            data-testid="skeleton-card"
          >
            <div
              class="relative overflow-hidden bg-secondary-dark w-full rounded-lg aspect-[2/3]"
              data-testid="skeleton"
            >
              <div
                class="absolute inset-0 -translate-x-full bg-gradient-to-r from-transparent via-white/10 to-transparent animate-shimmer motion-reduce:animate-none motion-reduce:translate-x-0"
              />
            </div>
            <div
              class="mt-2"
            >
              <div
                class="relative overflow-hidden bg-secondary-dark h-3 w-2/3 rounded"
                data-testid="skeleton"
              >
                <div
                  class="absolute inset-0 -translate-x-full bg-gradient-to-r from-transparent via-white/10 to-transparent animate-shimmer motion-reduce:animate-none motion-reduce:translate-x-0"
                />
              </div>
              <div
                class="relative overflow-hidden bg-secondary-dark h-4 w-5/6 rounded mt-2"
                data-testid="skeleton"
              >
                <div
                  class="absolute inset-0 -translate-x-full bg-gradient-to-r from-transparent via-white/10 to-transparent animate-shimmer motion-reduce:animate-none motion-reduce:translate-x-0"
                />
              </div>
            </div>
          </li>
          <li
            data-testid="skeleton-card"
          >
            <div
              class="relative overflow-hidden bg-secondary-dark w-full rounded-lg aspect-[2/3]"
              data-testid="skeleton"
            >
              <div
                class="absolute inset-0 -translate-x-full bg-gradient-to-r from-transparent via-white/10 to-transparent animate-shimmer motion-reduce:animate-none motion-reduce:translate-x-0"
              />
            </div>
            <div
              class="mt-2"
            >
              <div
                class="relative overflow-hidden bg-secondary-dark h-3 w-2/3 rounded"
                data-testid="skeleton"
              >
                <div
                  class="absolute inset-0 -translate-x-full bg-gradient-to-r from-transparent via-white/10 to-transparent animate-shimmer motion-reduce:animate-none motion-reduce:translate-x-0"
                />
              </div>
              <div
                class="relative overflow-hidden bg-secondary-dark h-4 w-5/6 rounded mt-2"
                data-testid="skeleton"
              >
                <div
                  class="absolute inset-0 -translate-x-full bg-gradient-to-r from-transparent via-white/10 to-transparent animate-shimmer motion-reduce:animate-none motion-reduce:translate-x-0"
                />
              </div>
            </div>
          </li>
          <li
            data-testid="skeleton-card"
          >
            <div
              class="relative overflow-hidden bg-secondary-dark w-full rounded-lg aspect-[2/3]"
              data-testid="skeleton"
            >
              <div
                class="absolute inset-0 -translate-x-full bg-gradient-to-r from-transparent via-white/10 to-transparent animate-shimmer motion-reduce:animate-none motion-reduce:translate-x-0"
              />
            </div>
            <div
              class="mt-2"
            >
              <div
                class="relative overflow-hidden bg-secondary-dark h-3 w-2/3 rounded"
                data-testid="skeleton"
              >
                <div
                  class="absolute inset-0 -translate-x-full bg-gradient-to-r from-transparent via-white/10 to-transparent animate-shimmer motion-reduce:animate-none motion-reduce:translate-x-0"
                />
              </div>
              <div
                class="relative overflow-hidden bg-secondary-dark h-4 w-5/6 rounded mt-2"
                data-testid="skeleton"
              >
                <div
                  class="absolute inset-0 -translate-x-full bg-gradient-to-r from-transparent via-white/10 to-transparent animate-shimmer motion-reduce:animate-none motion-reduce:translate-x-0"
                />
              </div>
            </div>
          </li>
          <li
            data-testid="skeleton-card"
          >
            <div
              class="relative overflow-hidden bg-secondary-dark w-full rounded-lg aspect-[2/3]"
              data-testid="skeleton"
            >
              <div
                class="absolute inset-0 -translate-x-full bg-gradient-to-r from-transparent via-white/10 to-transparent animate-shimmer motion-reduce:animate-none motion-reduce:translate-x-0"
              />
            </div>
            <div
              class="mt-2"
            >
              <div
                class="relative overflow-hidden bg-secondary-dark h-3 w-2/3 rounded"
                data-testid="skeleton"
              >
                <div
                  class="absolute inset-0 -translate-x-full bg-gradient-to-r from-transparent via-white/10 to-transparent animate-shimmer motion-reduce:animate-none motion-reduce:translate-x-0"
                />
              </div>
              <div
                class="relative overflow-hidden bg-secondary-dark h-4 w-5/6 rounded mt-2"
                data-testid="skeleton"
              >
                <div
                  class="absolute inset-0 -translate-x-full bg-gradient-to-r from-transparent via-white/10 to-transparent animate-shimmer motion-reduce:animate-none motion-reduce:translate-x-0"
                />
              </div>
            </div>
          </li>
        </ul>
      </section>
      <section>
        <div
          class="relative overflow-hidden bg-secondary-dark h-8 w-56 rounded mt-6"
          data-testid="skeleton"
        >
          <div
            class="absolute inset-0 -translate-x-full bg-gradient-to-r from-transparent via-white/10 to-transparent animate-shimmer motion-reduce:animate-none motion-reduce:translate-x-0"
          />
        </div>
        <ul
          class="w-full grid grid-cols-2 sm:grid-cols-3 md:grid-cols-4 lg:grid-cols-5 xl:grid-cols-6 2xl:grid-cols-7 gap-4 mt-6"
        >
          <li
            data-testid="skeleton-card"
          >
            <div
              class="relative overflow-hidden bg-secondary-dark w-full rounded-lg aspect-[2/3]"
              data-testid="skeleton"
            >
              <div
                class="absolute inset-0 -translate-x-full bg-gradient-to-r from-transparent via-white/10 to-transparent animate-shimmer motion-reduce:animate-none motion-reduce:translate-x-0"
              />
            </div>
            <div
              class="mt-2"
            >
              <div
                class="relative overflow-hidden bg-secondary-dark h-3 w-2/3 rounded"
                data-testid="skeleton"
              >
                <div
                  class="absolute inset-0 -translate-x-full bg-gradient-to-r from-transparent via-white/10 to-transparent animate-shimmer motion-reduce:animate-none motion-reduce:translate-x-0"
                />
              </div>
              <div
                class="relative overflow-hidden bg-secondary-dark h-4 w-5/6 rounded mt-2"
                data-testid="skeleton"
              >
                <div
                  class="absolute inset-0 -translate-x-full bg-gradient-to-r from-transparent via-white/10 to-transparent animate-shimmer motion-reduce:animate-none motion-reduce:translate-x-0"
                />
              </div>
            </div>
          </li>
          <li
            data-testid="skeleton-card"
          >
            <div
              class="relative overflow-hidden bg-secondary-dark w-full rounded-lg aspect-[2/3]"
              data-testid="skeleton"
            >
              <div
                class="absolute inset-0 -translate-x-full bg-gradient-to-r from-transparent via-white/10 to-transparent animate-shimmer motion-reduce:animate-none motion-reduce:translate-x-0"
              />
            </div>
            <div
              class="mt-2"
            >
              <div
                class="relative overflow-hidden bg-secondary-dark h-3 w-2/3 rounded"
                data-testid="skeleton"
              >
                <div
                  class="absolute inset-0 -translate-x-full bg-gradient-to-r from-transparent via-white/10 to-transparent animate-shimmer motion-reduce:animate-none motion-reduce:translate-x-0"
                />
              </div>
              <div
                class="relative overflow-hidden bg-secondary-dark h-4 w-5/6 rounded mt-2"
                data-testid="skeleton"
              >
                <div
                  class="absolute inset-0 -translate-x-full bg-gradient-to-r from-transparent via-white/10 to-transparent animate-shimmer motion-reduce:animate-none motion-reduce:translate-x-0"
                />
              </div>
            </div>
          </li>
          <li
            data-testid="skeleton-card"
          >
            <div
              class="relative overflow-hidden bg-secondary-dark w-full rounded-lg aspect-[2/3]"
              data-testid="skeleton"
            >
              <div
                class="absolute inset-0 -translate-x-full bg-gradient-to-r from-transparent via-white/10 to-transparent animate-shimmer motion-reduce:animate-none motion-reduce:translate-x-0"
              />
            </div>
            <div
              class="mt-2"
            >
              <div
                class="relative overflow-hidden bg-secondary-dark h-3 w-2/3 rounded"
                data-testid="skeleton"
              >
                <div
                  class="absolute inset-0 -translate-x-full bg-gradient-to-r from-transparent via-white/10 to-transparent animate-shimmer motion-reduce:animate-none motion-reduce:translate-x-0"
                />
              </div>
              <div
                class="relative overflow-hidden bg-secondary-dark h-4 w-5/6 rounded mt-2"
                data-testid="skeleton"
              >
                <div
                  class="absolute inset-0 -translate-x-full bg-gradient-to-r from-transparent via-white/10 to-transparent animate-shimmer motion-reduce:animate-none motion-reduce:translate-x-0"
                />
              </div>
            </div>
          </li>
          <li
            data-testid="skeleton-card"
          >
            <div
              class="relative overflow-hidden bg-secondary-dark w-full rounded-lg aspect-[2/3]"
              data-testid="skeleton"
            >
              <div
                class="absolute inset-0 -translate-x-full bg-gradient-to-r from-transparent via-white/10 to-transparent animate-shimmer motion-reduce:animate-none motion-reduce:translate-x-0"
              />
            </div>
            <div
              class="mt-2"
            >
              <div
                class="relative overflow-hidden bg-secondary-dark h-3 w-2/3 rounded"
                data-testid="skeleton"
              >
                <div
                  class="absolute inset-0 -translate-x-full bg-gradient-to-r from-transparent via-white/10 to-transparent animate-shimmer motion-reduce:animate-none motion-reduce:translate-x-0"
                />
              </div>
              <div
                class="relative overflow-hidden bg-secondary-dark h-4 w-5/6 rounded mt-2"
                data-testid="skeleton"
              >
                <div
                  class="absolute inset-0 -translate-x-full bg-gradient-to-r from-transparent via-white/10 to-transparent animate-shimmer motion-reduce:animate-none motion-reduce:translate-x-0"
                />
              </div>
            </div>
          </li>
          <li
            data-testid="skeleton-card"
          >
            <div
              class="relative overflow-hidden bg-secondary-dark w-full rounded-lg aspect-[2/3]"
              data-testid="skeleton"
            >
              <div
                class="absolute inset-0 -translate-x-full bg-gradient-to-r from-transparent via-white/10 to-transparent animate-shimmer motion-reduce:animate-none motion-reduce:translate-x-0"
              />
            </div>
            <div
              class="mt-2"
            >
              <div
                class="relative overflow-hidden bg-secondary-dark h-3 w-2/3 rounded"
                data-testid="skeleton"
              >
                <div
                  class="absolute inset-0 -translate-x-full bg-gradient-to-r from-transparent via-white/10 to-transparent animate-shimmer motion-reduce:animate-none motion-reduce:translate-x-0"
                />
              </div>
              <div
                class="relative overflow-hidden bg-secondary-dark h-4 w-5/6 rounded mt-2"
                data-testid="skeleton"
              >
                <div
                  class="absolute inset-0 -translate-x-full bg-gradient-to-r from-transparent via-white/10 to-transparent animate-shimmer motion-reduce:animate-none motion-reduce:translate-x-0"
                />
              </div>
            </div>
          </li>
          <li
            data-testid="skeleton-card"
          >
            <div
              class="relative overflow-hidden bg-secondary-dark w-full rounded-lg aspect-[2/3]"
              data-testid="skeleton"
            >
              <div
                class="absolute inset-0 -translate-x-full bg-gradient-to-r from-transparent via-white/10 to-transparent animate-shimmer motion-reduce:animate-none motion-reduce:translate-x-0"
              />
            </div>
            <div
              class="mt-2"
            >
              <div
                class="relative overflow-hidden bg-secondary-dark h-3 w-2/3 rounded"
                data-testid="skeleton"
              >
                <div
                  class="absolute inset-0 -translate-x-full bg-gradient-to-r from-transparent via-white/10 to-transparent animate-shimmer motion-reduce:animate-none motion-reduce:translate-x-0"
                />
              </div>
              <div
                class="relative overflow-hidden bg-secondary-dark h-4 w-5/6 rounded mt-2"
                data-testid="skeleton"
              >
                <div
                  class="absolute inset-0 -translate-x-full bg-gradient-to-r from-transparent via-white/10 to-transparent animate-shimmer motion-reduce:animate-none motion-reduce:translate-x-0"
                />
              </div>
            </div>
          </li>
          <li
            data-testid="skeleton-card"
          >
            <div
              class="relative overflow-hidden bg-secondary-dark w-full rounded-lg aspect-[2/3]"
              data-testid="skeleton"
            >
              <div
                class="absolute inset-0 -translate-x-full bg-gradient-to-r from-transparent via-white/10 to-transparent animate-shimmer motion-reduce:animate-none motion-reduce:translate-x-0"
              />
            </div>
            <div
              class="mt-2"
            >
              <div
                class="relative overflow-hidden bg-secondary-dark h-3 w-2/3 rounded"
                data-testid="skeleton"
              >
                <div
                  class="absolute inset-0 -translate-x-full bg-gradient-to-r from-transparent via-white/10 to-transparent animate-shimmer motion-reduce:animate-none motion-reduce:translate-x-0"
                />
              </div>
              <div
                class="relative overflow-hidden bg-secondary-dark h-4 w-5/6 rounded mt-2"
                data-testid="skeleton"
              >
                <div
                  class="absolute inset-0 -translate-x-full bg-gradient-to-r from-transparent via-white/10 to-transparent animate-shimmer motion-reduce:animate-none motion-reduce:translate-x-0"
                />
              </div>
            </div>
          </li>
        </ul>
      </section>
    </main>
  </div>,
  "debug": [Function],
  "findAllByAltText": [Function],
  "findAllByDisplayValue": [Function],
  "findAllByLabelText": [Function],
  "findAllByPlaceholderText": [Function],
  "findAllByRole": [Function],
  "findAllByTestId": [Function],
  "findAllByText": [Function],
  "findAllByTitle": [Function],
  "findByAltText": [Function],
  "findByDisplayValue": [Function],
  "findByLabelText": [Function],
  "findByPlaceholderText": [Function],
  "findByRole": [Function],
  "findByTestId": [Function],
  "findByText": [Function],
  "findByTitle": [Function],
  "getAllByAltText": [Function],
  "getAllByDisplayValue": [Function],
  "getAllByLabelText": [Function],
  "getAllByPlaceholderText": [Function],
  "getAllByRole": [Function],
  "getAllByTestId": [Function],
  "getAllByText": [Function],
  "getAllByTitle": [Function],
  "getByAltText": [Function],
  "getByDisplayValue": [Function],
  "getByLabelText": [Function],
  "getByPlaceholderText": [Function],
  "getByRole": [Function],
  "getByTestId": [Function],
  "getByText": [Function],
  "getByTitle": [Function],
  "queryAllByAltText": [Function],
  "queryAllByDisplayValue": [Function],
  "queryAllByLabelText": [Function],
  "queryAllByPlaceholderText": [Function],
  "queryAllByRole": [Function],
  "queryAllByTestId": [Function],
  "queryAllByText": [Function],
  "queryAllByTitle": [Function],
  "queryByAltText": [Function],
  "queryByDisplayValue": [Function],
  "queryByLabelText": [Function],
  "queryByPlaceholderText": [Function],
  "queryByRole": [Function],
  "queryByTestId": [Function],
  "queryByText": [Function],
  "queryByTitle": [Function],
  "rerender": [Function],
  "unmount": [Function],
}
`;
